* Checking for deprecated package usage... OK
* Checking for remote package usage... OK
* Checking for 'LazyData: true' usage...
* NOTE: 'LazyData:' in the 'DESCRIPTION' should be set to false or removed
* Checking version number... OK
* Checking version number validity... OK
* Checking R version dependency...
* NOTE: Update R version dependency from 4.1 to 4.3.0.
* Checking package size... OK
* Checking individual file sizes...
* WARNING: Package files exceed the 5MB size limit.
Files over the limit: 
/Users/inamojun/Desktop/GitHub/spatialCooccur/man/figures/Figure1.png
/Users/inamojun/Desktop/GitHub/spatialCooccur/vignettes/SNA_tutorial_10Xdata.ipynb
* Checking biocViews... OK
* Checking that biocViews are present... OK
* Checking build system compatibility... OK
* Checking for blank lines in DESCRIPTION... OK
* Checking if DESCRIPTION is well formatted... OK
* Checking for proper Description: field...
* NOTE: The Description field in the DESCRIPTION is made up by less than 3
sentences. Please consider expanding this field, and structure it as a
full paragraph
* Checking for whitespace in DESCRIPTION field names... OK
* Checking that Package field matches directory/tarball name... OK
* Checking for Version field... OK
* Checking for valid maintainer...
* NOTE: Consider adding the maintainer's ORCID iD in 'Authors@R' with 'comment=c(ORCID="...")'
* Checking License: for restrictive use... OK
* Checking for recommeded fields in DESCRIPTION...
* NOTE: Provide 'URL', 'BugReports' field(s) in DESCRIPTION
* Checking for pinned package versions... OK
* Checking DESCRIPTION/NAMESPACE consistency... OK
* Checking .Rbuildignore... OK
* Checking for stray BiocCheck output folders...
* ERROR: Remove 'spatialCooccur.BiocCheck' from the package directory
* Checking for inst/doc folders... OK
* Checking vignette directory...
* WARNING: Vignette(s) missing Vignette metadata. See http://r-pkgs.had.co.nz/vignettes.html
Update the following files:
SNA_tutorial_10Xdata.Rmd
SNA_tutorial_simulation.Rmd
* ERROR: No 'VignetteEngine' specified in vignette or DESCRIPTION. 
Add a 'VignetteEngine' to the following files or a default 'VignetteBuilder' in DESCRIPTION: 
SNA_tutorial_10Xdata.Rmd
SNA_tutorial_simulation.Rmd

* WARNING: Vignette(s) missing '\%VignetteIndexEntry{Vignette Title}'. 
Update the following files:
SNA_tutorial_10Xdata.Rmd
SNA_tutorial_simulation.Rmd
* WARNING:  Avoid T/F variables; If logical, use TRUE/FALSE
Found in files:
vignettes/SNA_tutorial_10Xdata.Rmd (code line 199, column 32)
vignettes/SNA_tutorial_simulation.Rmd (code line 247, column 54)
* Checking package installation calls in R code... OK
* Checking for library/require of spatialCooccur... OK
* Checking coding practice...
* NOTE:  Avoid sapply(); use vapply()
Found in files:
R/spatialCooccur_functions.R (line 532, column 24)
R/spatialCooccur_functions.R (line 900, column 24)
* NOTE:  Avoid 1:...; use seq_len() or seq_along()
Found in files:
spatialCooccur_functions.R (line 51, column 47)
spatialCooccur_functions.R (line 65, column 81)
spatialCooccur_functions.R (line 119, column 81)
spatialCooccur_functions.R (line 153, column 29)
spatialCooccur_functions.R (line 179, column 81)
spatialCooccur_functions.R (line 274, column 29)
spatialCooccur_functions.R (line 275, column 29)
spatialCooccur_functions.R (line 528, column 55)
spatialCooccur_functions.R (line 528, column 87)
spatialCooccur_functions.R (line 638, column 28)
spatialCooccur_functions.R (line 639, column 28)
spatialCooccur_functions.R (line 748, column 26)
spatialCooccur_functions.R (line 749, column 26)
spatialCooccur_functions.R (line 896, column 55)
spatialCooccur_functions.R (line 896, column 87)
* NOTE:  Avoid using '=' for assignment and use '<-' instead
Found in files:
R/spatialCooccur_functions.R (line  71, column 14)
R/spatialCooccur_functions.R (line  71, column 25)
R/spatialCooccur_functions.R (line  74, column 19)
R/spatialCooccur_functions.R (line  74, column 35)
R/spatialCooccur_functions.R (line 131, column 10)
R/spatialCooccur_functions.R (line 163, column 15)
R/spatialCooccur_functions.R (line 163, column 27)
R/spatialCooccur_functions.R (line 469, column 11)
R/spatialCooccur_functions.R (line 480, column 13)
R/spatialCooccur_functions.R (line 488, column 17)
R/spatialCooccur_functions.R (line 488, column 33)
R/spatialCooccur_functions.R (line 496, column 16)
R/spatialCooccur_functions.R (line 586, column 11)
R/spatialCooccur_functions.R (line 600, column 13)
R/spatialCooccur_functions.R (line 609, column 17)
R/spatialCooccur_functions.R (line 609, column 33)
R/spatialCooccur_functions.R (line 611, column 15)
R/spatialCooccur_functions.R (line 670, column 17)
R/spatialCooccur_functions.R (line 683, column  9)
R/spatialCooccur_functions.R (line 702, column  6)
R/spatialCooccur_functions.R (line 704, column 16)
R/spatialCooccur_functions.R (line 729, column 20)
R/spatialCooccur_functions.R (line 741, column 17)
R/spatialCooccur_functions.R (line 741, column 33)
R/spatialCooccur_functions.R (line 778, column 15)
R/spatialCooccur_functions.R (line 781, column  9)
R/spatialCooccur_functions.R (line 783, column 19)
R/spatialCooccur_functions.R (line 794, column 11)
R/spatialCooccur_functions.R (line 812, column  9)
R/spatialCooccur_functions.R (line 814, column 19)
R/spatialCooccur_functions.R (line 846, column 20)
R/spatialCooccur_functions.R (line 856, column 17)
R/spatialCooccur_functions.R (line 856, column 33)
R/spatialCooccur_functions.R (line 864, column 16)
* NOTE:  Avoid the use of 'paste' in condition signals
Found in files:
R/spatialCooccur_functions.R (line 462, column 10)
* WARNING:  Remove set.seed usage (found 5 times)
set.seed() in R/spatialCooccur_functions.R (line  46, column 5)
set.seed() in R/spatialCooccur_functions.R (line  69, column 5)
set.seed() in R/spatialCooccur_functions.R (line 123, column 5)
set.seed() in R/spatialCooccur_functions.R (line 459, column 3)
set.seed() in R/spatialCooccur_functions.R (line 838, column 3)
* Checking parsed R code in R directory, examples, vignettes...
* NOTE: Use accessors; don't access S4 class slots via '@' in examples/vignettes.
* Checking function lengths...
* NOTE: The recommended function length is 50 lines or less. There are 7 functions greater than 50 lines.
The longest 5 functions are:
generate_sim() (R/spatialCooccur_functions.R): 148 lines
cooccur_local.Seurat() (R/spatialCooccur_functions.R): 124 lines
nhood_enrichment.Seurat() (R/spatialCooccur_functions.R):  98 lines
cooccur_local() (R/spatialCooccur_functions.R):  96 lines
nhood_enrichment() (R/spatialCooccur_functions.R):  88 lines
* Checking man page documentation...
* ERROR: At least 80% of man pages documenting exported objects must have runnable examples.
The following pages do not:
calc_co_occurrence_for_radius.Rd
compute_co_occurrence_ratio.Rd
compute_count.Rd
cooccur_local.Rd
cooccur_local.Seurat.Rd
generate_sim.Rd
manual_colors.Rd
nhood_enrichment.Rd
nhood_enrichment.Seurat.Rd
permute_clusters.Rd
search_interaction_spot.Rd
* Checking package NEWS...
* NOTE: Consider adding a NEWS file, so your package news will be included in Bioconductor release announcements.
* Checking unit tests...
* NOTE: Consider adding unit tests. We strongly encourage them. See
  https://contributions.bioconductor.org/tests.html
* Checking skip_on_bioc() in tests... OK
* Checking formatting of DESCRIPTION, NAMESPACE, man pages, R source, and vignette source...
* NOTE: Consider shorter lines; 166 lines (7%) are > 80 characters long.
First few lines:
R/spatialCooccur_functions.R#L15 utils::globalVariables(c(".", "cell", "c ...
R/spatialCooccur_functions.R#L20 #' @description Generate synthetic spati ...
R/spatialCooccur_functions.R#L22 #' @param close_ratio Proportion of clos ...
R/spatialCooccur_functions.R#L27 #' @param test_type Type of spatial patt ...
R/spatialCooccur_functions.R#L34 #' sim_data <- generate_sim(close_ratio  ...
R/spatialCooccur_functions.R#L51     cell_types <- sample(paste0("cell_ty ...
R/spatialCooccur_functions.R#L61     x_coords[idx_close_2] <- x_coords[id ...
R/spatialCooccur_functions.R#L62     y_coords[idx_close_2] <- y_coords[id ...
R/spatialCooccur_functions.R#L65       dplyr::mutate(cell_type = factor(c ...
R/spatialCooccur_functions.R#L83     x_1_outer <- center_x + radius * cos ...
R/spatialCooccur_functions.R#L84     y_1_outer <- center_y + radius * sin ...
R/spatialCooccur_functions.R#L86     r_1_inner <- sqrt(runif(round(n1_clo ...
R/spatialCooccur_functions.R#L101     x_2_close <- center_x + (radius+dist ...
R/spatialCooccur_functions.R#L102     y_2_close <- center_y + (radius+dist ...
R/spatialCooccur_functions.R#L117                     sample(paste0("cell_ ...
R/spatialCooccur_functions.R#L119       dplyr::mutate(cell_type = factor(c ...
R/spatialCooccur_functions.R#L142         x_layer <- seq(x_start, x_start  ...
R/spatialCooccur_functions.R#L143         y_layer <- rep(y_pos, n_cells_pe ...
R/spatialCooccur_functions.R#L149         x_layer <- seq(x_start, x_start  ...
R/spatialCooccur_functions.R#L150         y_layer <- rep(y_pos, n_cells_pe ...
R/spatialCooccur_functions.R#L156         y_layer[idx_close] <- y_1[idx_cl ...
R/spatialCooccur_functions.R#L177                     sample(paste0("cell_ ...
R/spatialCooccur_functions.R#L179       dplyr::mutate(cell_type = factor(c ...
R/spatialCooccur_functions.R#L192 #' @param transformation Whether to tran ...
R/spatialCooccur_functions.R#L196 compute_count <- function(adj, int_clust ...
R/spatialCooccur_functions.R#L198                    dimnames = list(paste ...
R/spatialCooccur_functions.R#L227 #' #' # Assuming `adj` is your adjacency ...
R/spatialCooccur_functions.R#L229 #' #' #' permuted_counts <- permute_clus ...
R/spatialCooccur_functions.R#L230 permute_clusters <- function(adj, int_cl ...
R/spatialCooccur_functions.R#L233   compute_count(adj, int_clust_row = int ...
R/spatialCooccur_functions.R#L248 calc_co_occurrence_for_radius <- functio ...
R/spatialCooccur_functions.R#L366 search_interaction_spot <- function(seur ...
R/spatialCooccur_functions.R#L409   # component numbers (1, 2, 3, ...) to  ...
R/spatialCooccur_functions.R#L417     dplyr::left_join(.,seurat_object@met ...
R/spatialCooccur_functions.R#L458 nhood_enrichment.Seurat <- function(seur ...
R/spatialCooccur_functions.R#L499   count <- compute_count(adj, int_clust_ ...
R/spatialCooccur_functions.R#L501   perform_permutations <- function(adj,  ...
R/spatialCooccur_functions.R#L508       c("compute_count", "permute_cluste ...
R/spatialCooccur_functions.R#L514         perms <- parLapply(cl, seq_len(n ...
R/spatialCooccur_functions.R#L523   perms <- perform_permutations(adj, int ...
R/spatialCooccur_functions.R#L528                      dimnames = list(pas ...
R/spatialCooccur_functions.R#L583 cooccur_local.Seurat <- function(seurat_ ...
R/spatialCooccur_functions.R#L721 #' cooccur_local(spatial_coords, "A", "B ...
R/spatialCooccur_functions.R#L722 cooccur_local <- function(df, cluster_x, ...
R/spatialCooccur_functions.R#L724   #  return(cooccur_local.Seurat(df, clu ...
R/spatialCooccur_functions.R#L782       magrittr::set_colnames(paste0("coo ...
R/spatialCooccur_functions.R#L813       magrittr::set_colnames(paste0("coo ...
R/spatialCooccur_functions.R#L833 #' neighborhood_enrichment(spatial_coord ...
R/spatialCooccur_functions.R#L834 nhood_enrichment <- function(df, cluster ...
R/spatialCooccur_functions.R#L836   #  return(nhood_enrichment.Seurat(df,  ...
R/spatialCooccur_functions.R#L867   count <- compute_count(adj, int_clust_ ...
R/spatialCooccur_functions.R#L869   perform_permutations <- function(adj,  ...
R/spatialCooccur_functions.R#L876       c("compute_count", "permute_cluste ...
R/spatialCooccur_functions.R#L882         perms <- parLapply(cl, seq_len(n ...
R/spatialCooccur_functions.R#L891   perms <- perform_permutations(adj, int ...
R/spatialCooccur_functions.R#L896                      dimnames = list(pas ...
R/spatialCooccur_functions.R#L929   "0" = "#E41A1C", "1" = "#377EB8", "2"  ...
R/spatialCooccur_functions.R#L930   "5" = "#FFFF33", "6" = "#A65628", "7"  ...
R/spatialCooccur_functions.R#L931   "10" = "#67000D", "11" = "#8DA0CB", "1 ...
R/spatialCooccur_functions.R#L932   "15" = "#FC8D62", "16" = "darkgrey", " ...
R/spatialCooccur_functions.R#L933   "20" = "#FDE0EF", "21" = "#B8E186", "2 ...
R/spatialCooccur_functions.R#L934   "25" = "#FC8D63", "26" = "brown", "27" ...
R/zzz.R#L8     "Loading spatialCooccur v", version, ...
R/zzz.R#L12   citation_text <- "Inamo J, et al. (202 ...
man/compute_count.Rd#L27 \item{transformation}{Whether to transfo ...
man/generate_sim.Rd#L19 \item{close_ratio}{Proportion of close i ...
man/generate_sim.Rd#L29 \item{test_type}{Type of spatial pattern ...
vignettes/SNA_tutorial_10Xdata.Rmd#L2 title: Tutorial for spatial neighborhood ...
vignettes/SNA_tutorial_10Xdata.Rmd#L6   affiliation: Computational Omics and S ...
vignettes/SNA_tutorial_10Xdata.Rmd#L41 BuildSNNSeurat <- function (data.use, k. ...
vignettes/SNA_tutorial_10Xdata.Rmd#L42   my.knn <- nn2(data = data.use, k = k.p ...
vignettes/SNA_tutorial_10Xdata.Rmd#L55 - curl -O     https://cf.10xgenomics.com ...
vignettes/SNA_tutorial_10Xdata.Rmd#L61 data_name = stringr::str_split(path, "/" ...
vignettes/SNA_tutorial_10Xdata.Rmd#L62 dir.create(paste0("./output/figure/",fig ...
vignettes/SNA_tutorial_10Xdata.Rmd#L65 data <- ReadXenium(path, outs = c("matri ...
vignettes/SNA_tutorial_10Xdata.Rmd#L78 xenium.obj[["BlankCodeword"]] <- CreateA ...
vignettes/SNA_tutorial_10Xdata.Rmd#L79 xenium.obj[["ControlCodeword"]] <- Creat ...
vignettes/SNA_tutorial_10Xdata.Rmd#L80 xenium.obj[["ControlProbe"]] <- CreateAs ...
vignettes/SNA_tutorial_10Xdata.Rmd#L94 VlnPlot(xenium.obj, features = c("nFeatu ...
vignettes/SNA_tutorial_10Xdata.Rmd#L96 ImageDimPlot(xenium.obj, fov = "fov", mo ...
vignettes/SNA_tutorial_10Xdata.Rmd#L128                                    n.ite ...
vignettes/SNA_tutorial_10Xdata.Rmd#L129                                    temp. ...
vignettes/SNA_tutorial_10Xdata.Rmd#L225 ggsave(paste0("./output/figure/",figure_ ...
vignettes/SNA_tutorial_10Xdata.Rmd#L240 ggsave(paste0("./output/figure/",figure_ ...
vignettes/SNA_tutorial_10Xdata.Rmd#L276 sig_mat <- ifelse(fdr_mat < 0.05, "**",  ...
vignettes/SNA_tutorial_10Xdata.Rmd#L286                    col = colorRamp2(c(-2 ...
vignettes/SNA_tutorial_10Xdata.Rmd#L294                    column_title = paste0 ...
vignettes/SNA_tutorial_10Xdata.Rmd#L305                                  gp = gp ...
vignettes/SNA_tutorial_10Xdata.Rmd#L311                                  gp = gp ...
vignettes/SNA_tutorial_10Xdata.Rmd#L316 #pdf(paste0("./output/figure/",figure_di ...
vignettes/SNA_tutorial_10Xdata.Rmd#L332 radius_ = 30 # Radius to search for neig ...
vignettes/SNA_tutorial_10Xdata.Rmd#L356                      features = paste0(" ...
vignettes/SNA_tutorial_10Xdata.Rmd#L360 ggsave(paste0("./output/figure/",figure_ ...
vignettes/SNA_tutorial_10Xdata.Rmd#L370 - wget https://cf.10xgenomics.com/sample ...
vignettes/SNA_tutorial_10Xdata.Rmd#L376 path <- "./../10X_Xenium_sample/Xenium_V ...
vignettes/SNA_tutorial_10Xdata.Rmd#L377 data_name = stringr::str_split(path, "/" ...
vignettes/SNA_tutorial_10Xdata.Rmd#L378 dir.create(paste0("./output/figure/",fig ...
vignettes/SNA_tutorial_10Xdata.Rmd#L384 VlnPlot(xenium.obj, features = c("nFeatu ...
vignettes/SNA_tutorial_10Xdata.Rmd#L421 FeaturePlot(xenium.obj, features = c("Cu ...
vignettes/SNA_tutorial_10Xdata.Rmd#L513 ggsave(paste0("./output/figure/",figure_ ...
vignettes/SNA_tutorial_10Xdata.Rmd#L525 ggsave(paste0("./output/figure/",figure_ ...
vignettes/SNA_tutorial_10Xdata.Rmd#L560 sig_mat <- ifelse(fdr_mat < 0.05, "**",  ...
vignettes/SNA_tutorial_10Xdata.Rmd#L570                    col = colorRamp2(c(-2 ...
vignettes/SNA_tutorial_10Xdata.Rmd#L578                    column_title = paste0 ...
vignettes/SNA_tutorial_10Xdata.Rmd#L589                                  gp = gp ...
vignettes/SNA_tutorial_10Xdata.Rmd#L595                                  gp = gp ...
vignettes/SNA_tutorial_10Xdata.Rmd#L600 #pdf(paste0("./output/figure/",figure_di ...
vignettes/SNA_tutorial_10Xdata.Rmd#L616 radius_ = 30 # Radius to search for neig ...
vignettes/SNA_tutorial_10Xdata.Rmd#L643                      features = gsub(" " ...
vignettes/SNA_tutorial_10Xdata.Rmd#L647 ggsave(paste0("./output/figure/",figure_ ...
vignettes/SNA_tutorial_10Xdata.Rmd#L674 ggsave(paste0("./output/figure/",figure_ ...
vignettes/SNA_tutorial_simulation.Rmd#L2 title: Tutorial for spatial neighborhood ...
vignettes/SNA_tutorial_simulation.Rmd#L6   affiliation: Computational Omics and S ...
vignettes/SNA_tutorial_simulation.Rmd#L27 First generate dummy data where two cell ...
vignettes/SNA_tutorial_simulation.Rmd#L28 Make sure to assume >10 cell types to se ...
vignettes/SNA_tutorial_simulation.Rmd#L34 close_ratio=1  # proportion of cell_type ...
vignettes/SNA_tutorial_simulation.Rmd#L67 g2 = ggplot(df %>% dplyr::mutate(cell_ty ...
vignettes/SNA_tutorial_simulation.Rmd#L68   geom_point(data = df %>% dplyr::mutate ...
vignettes/SNA_tutorial_simulation.Rmd#L69              alpha = 0.7, size = 2, shap ...
vignettes/SNA_tutorial_simulation.Rmd#L70   geom_point(data = df %>% dplyr::mutate ...
vignettes/SNA_tutorial_simulation.Rmd#L71              alpha = 0.8, size = 2, shap ...
vignettes/SNA_tutorial_simulation.Rmd#L73        subtitle = paste("n_types:", n_ty ...
vignettes/SNA_tutorial_simulation.Rmd#L106 •    The value of nhood_enrichment[i, j] ...
vignettes/SNA_tutorial_simulation.Rmd#L115 • When comparing a two-way relationship: ...
vignettes/SNA_tutorial_simulation.Rmd#L117   • Is there a high concentration of cel ...
vignettes/SNA_tutorial_simulation.Rmd#L118 • Is there a high concentration of cell_ ...
vignettes/SNA_tutorial_simulation.Rmd#L123 colnames(nhood_enrichment_res) = gsub("^ ...
vignettes/SNA_tutorial_simulation.Rmd#L124 rownames(nhood_enrichment_res) = gsub("^ ...
vignettes/SNA_tutorial_simulation.Rmd#L128 fdr_mat <- matrix(fdr_vec, nrow=nrow(nho ...
vignettes/SNA_tutorial_simulation.Rmd#L131 sig_mat <- ifelse(fdr_mat < 0.05, "**",  ...
vignettes/SNA_tutorial_simulation.Rmd#L133 common_names <- intersect(rownames(nhood ...
vignettes/SNA_tutorial_simulation.Rmd#L141                    col = colorRamp2(c(-2 ...
vignettes/SNA_tutorial_simulation.Rmd#L149                    column_title = "Spati ...
vignettes/SNA_tutorial_simulation.Rmd#L151                    na_col = "black",     ...
vignettes/SNA_tutorial_simulation.Rmd#L158                                  gp = gp ...
vignettes/SNA_tutorial_simulation.Rmd#L164                                  gp = gp ...
vignettes/SNA_tutorial_simulation.Rmd#L228     colnames(nhood_enrichment_res) <- gs ...
vignettes/SNA_tutorial_simulation.Rmd#L229     rownames(nhood_enrichment_res) <- gs ...
vignettes/SNA_tutorial_simulation.Rmd#L233     fdr_mat <- matrix(fdr_vec, nrow = nr ...
vignettes/SNA_tutorial_simulation.Rmd#L235     sig_mat <- ifelse(fdr_mat < 0.05, "* ...
vignettes/SNA_tutorial_simulation.Rmd#L270   tidyr::pivot_longer(cols = c(zscore, z ...
vignettes/SNA_tutorial_simulation.Rmd#L279 ggplot(summary_df, aes(x = distance_para ...
vignettes/SNA_tutorial_simulation.Rmd#L288     subtitle = paste("n_types:", n_types ...
vignettes/SNA_tutorial_simulation.Rmd#L291   scale_color_manual(values = c("zscore" ...
vignettes/SNA_tutorial_simulation.Rmd#L294   geom_hline(yintercept = abs(qnorm((0.0 ...
vignettes/SNA_tutorial_simulation.Rmd#L306 Again we generate dummy data where two c ...
vignettes/SNA_tutorial_simulation.Rmd#L311 close_ratio=1  # proportion of cell_type ...
vignettes/SNA_tutorial_simulation.Rmd#L346 g2 = ggplot(df %>% dplyr::mutate(cell_ty ...
vignettes/SNA_tutorial_simulation.Rmd#L347   geom_point(data = df %>% dplyr::mutate ...
vignettes/SNA_tutorial_simulation.Rmd#L348              alpha = 0.7, size = 2, shap ...
vignettes/SNA_tutorial_simulation.Rmd#L349   geom_point(data = df %>% dplyr::mutate ...
vignettes/SNA_tutorial_simulation.Rmd#L350              alpha = 0.8, size = 2, shap ...
vignettes/SNA_tutorial_simulation.Rmd#L352        subtitle = paste("n_types:", n_ty ...
vignettes/SNA_tutorial_simulation.Rmd#L370 radius_ = 30 # Radius to search for neig ...
vignettes/SNA_tutorial_simulation.Rmd#L390                dplyr::mutate(score = coo ...
vignettes/SNA_tutorial_simulation.Rmd#L391                              #score = if ...
vignettes/SNA_tutorial_simulation.Rmd#L395              alpha = 0.7, size = 2, shap ...
vignettes/SNA_tutorial_simulation.Rmd#L397                dplyr::mutate(score = coo ...
vignettes/SNA_tutorial_simulation.Rmd#L398                              #score = if ...
vignettes/SNA_tutorial_simulation.Rmd#L402              alpha = 0.7, size = 2, shap ...
vignettes/SNA_tutorial_simulation.Rmd#L409 Check the relationship between the co-lo ...
vignettes/SNA_tutorial_simulation.Rmd#L426                                dplyr::mu ...
vignettes/SNA_tutorial_simulation.Rmd#L427                              rbind(one_c ...
vignettes/SNA_tutorial_simulation.Rmd#L428 coef = cor.test(na.omit(coords_df)$score ...
vignettes/SNA_tutorial_simulation.Rmd#L429 pval = cor.test(na.omit(coords_df)$score ...
vignettes/SNA_tutorial_simulation.Rmd#L452 Check the ROC curve and AUC value to eva ...
* NOTE: Consider 4 spaces instead of tabs; 9 lines (0%) contain tabs.
First few lines:
vignettes/SNA_tutorial_10Xdata.Rmd#L178 0	Basal-like epithelial cells / Myoepith ...
vignettes/SNA_tutorial_10Xdata.Rmd#L179 1	Proliferating epithelial cells ...
vignettes/SNA_tutorial_10Xdata.Rmd#L180 2	Basal/myoepithelial tumor cells ...
vignettes/SNA_tutorial_10Xdata.Rmd#L181 3	Unclassified immune-like cells ...
vignettes/SNA_tutorial_10Xdata.Rmd#L182 4	Inflammatory immune cells (e.g. B cell ...
vignettes/SNA_tutorial_10Xdata.Rmd#L183 5	Cancer-associated fibroblasts (CAFs) ...
vignettes/SNA_tutorial_10Xdata.Rmd#L184 6	Macrophages (TAMs) ...
vignettes/SNA_tutorial_10Xdata.Rmd#L185 7	Cytotoxic / Activated T cells ...
vignettes/SNA_tutorial_10Xdata.Rmd#L186 8	Endothelial cells ...
* NOTE: Consider multiples of 4 spaces for line indents; 766 lines (30%) are not.
First few lines:
R/spatialCooccur_functions.R#L37                          n_types = 10, ...
R/spatialCooccur_functions.R#L38                          max_loc = 800, ...
R/spatialCooccur_functions.R#L39                          n_perm = 100, ...
R/spatialCooccur_functions.R#L40                          n_cells = 1500, ...
R/spatialCooccur_functions.R#L41                          test_type = "ci ...
R/spatialCooccur_functions.R#L42                          distance_param  ...
R/spatialCooccur_functions.R#L43                          seed = 1234) { ...
R/spatialCooccur_functions.R#L44   if(test_type=="distribute"){ ...
R/spatialCooccur_functions.R#L65       dplyr::mutate(cell_type = factor(c ...
R/spatialCooccur_functions.R#L67   } else if(test_type=="circle"){ ...
R/spatialCooccur_functions.R#L112       x = c(x_1, x_2_close, x_2_random,  ...
R/spatialCooccur_functions.R#L113       y = c(y_1, y_2_close, y_2_random,  ...
R/spatialCooccur_functions.R#L114       cell_type = c(rep("cell_type_1", n ...
R/spatialCooccur_functions.R#L119       dplyr::mutate(cell_type = factor(c ...
R/spatialCooccur_functions.R#L121   } else if (test_type=="line"){ ...
R/spatialCooccur_functions.R#L139       y_pos <- y_start + i * layer_spaci ...
R/spatialCooccur_functions.R#L141       if (i %% 2 == 0) { ...
R/spatialCooccur_functions.R#L148       } else { ...
R/spatialCooccur_functions.R#L160       } ...
R/spatialCooccur_functions.R#L173       x = c(x_1, x_1_random, x_2, x_2_ra ...
R/spatialCooccur_functions.R#L174       y = c(y_1, y_1_random, y_2, y_2_ra ...
R/spatialCooccur_functions.R#L175       cell_type = c(rep("cell_type_1", s ...
R/spatialCooccur_functions.R#L179       dplyr::mutate(cell_type = factor(c ...
R/spatialCooccur_functions.R#L181   } ...
R/spatialCooccur_functions.R#L182   return(df) ...
R/spatialCooccur_functions.R#L197   counts <- matrix(0, nrow = n_cls, ncol ...
R/spatialCooccur_functions.R#L198                    dimnames = list(paste ...
R/spatialCooccur_functions.R#L200   for (i in paste0("Cluster", levels(clu ...
R/spatialCooccur_functions.R#L204       cluster_cols <- which(int_clust_co ...
R/spatialCooccur_functions.R#L205       neighbors <- adj[cluster_rows, clu ...
R/spatialCooccur_functions.R#L206       if(transformation){ ...
R/spatialCooccur_functions.R#L208       } else { ...
R/spatialCooccur_functions.R#L210       } ...
R/spatialCooccur_functions.R#L212   } ...
R/spatialCooccur_functions.R#L213   return(counts) ...
R/spatialCooccur_functions.R#L231   int_clust_row <- sample(int_clust) ...
R/spatialCooccur_functions.R#L232   int_clust_col <- sample(int_clust) ...
R/spatialCooccur_functions.R#L233   compute_count(adj, int_clust_row = int ...
R/spatialCooccur_functions.R#L249   all_clusters <- levels(factor(seurat_o ...
R/spatialCooccur_functions.R#L251   co_occur_count <- matrix( ...
R/spatialCooccur_functions.R#L256       paste0("Cluster", all_clusters), ...
R/spatialCooccur_functions.R#L257       paste0("Cluster", all_clusters) ...
R/spatialCooccur_functions.R#L259   ) ...
R/spatialCooccur_functions.R#L261   for (name in names(seurat_obj@images)) ...
R/spatialCooccur_functions.R#L263       as.data.frame() %>% ...
R/spatialCooccur_functions.R#L264       dplyr::mutate(cell = Cells(seurat_ ...
R/spatialCooccur_functions.R#L265       tibble::column_to_rownames(var = " ...
R/spatialCooccur_functions.R#L266       dplyr::mutate( ...
R/spatialCooccur_functions.R#L268           seurat_obj@meta.data[, sample_ ...
R/spatialCooccur_functions.R#L269           cluster_key ...
R/spatialCooccur_functions.R#L271       ) ...
R/spatialCooccur_functions.R#L274       data       = coords[, 1:2], ...
R/spatialCooccur_functions.R#L275       query      = coords[, 1:2], ...
R/spatialCooccur_functions.R#L276       searchtype = "radius", ...
R/spatialCooccur_functions.R#L277       radius     = radius, ...
R/spatialCooccur_functions.R#L278       k          = k ...
R/spatialCooccur_functions.R#L284       neighbors_i <- res$nn.idx[i, ] ...
R/spatialCooccur_functions.R#L286       neighbors_i <- neighbors_i[neighbo ...
R/spatialCooccur_functions.R#L288       c_i <- paste0("Cluster", clusters_ ...
R/spatialCooccur_functions.R#L290       if (length(neighbors_i) > 0) { ...
R/spatialCooccur_functions.R#L294           co_occur_count[c_i, cn] <- co_ ...
R/spatialCooccur_functions.R#L296       } ...
R/spatialCooccur_functions.R#L298   } ...
R/spatialCooccur_functions.R#L300   ratio_mat <- compute_co_occurrence_rat ...
R/spatialCooccur_functions.R#L302   return(list( ...
R/spatialCooccur_functions.R#L305   )) ...
R/spatialCooccur_functions.R#L318   rn <- rownames(co_occur_count) ...
R/spatialCooccur_functions.R#L319   cn <- colnames(co_occur_count) ...
R/spatialCooccur_functions.R#L320   row_sums <- rowSums(co_occur_count) ...
R/spatialCooccur_functions.R#L321   col_sums <- colSums(co_occur_count) ...
R/spatialCooccur_functions.R#L322   total_sum <- sum(co_occur_count) ...
R/spatialCooccur_functions.R#L324   ratio_mat <- matrix( ...
R/spatialCooccur_functions.R#L329   ) ...
R/spatialCooccur_functions.R#L331   for (i in seq_len(nrow(co_occur_count) ...
R/spatialCooccur_functions.R#L333       p_exp_cond <- co_occur_count[i, j] ...
R/spatialCooccur_functions.R#L334       p_exp      <- col_sums[j]       /  ...
R/spatialCooccur_functions.R#L335       ratio_mat[i, j] <- p_exp_cond / p_ ...
R/spatialCooccur_functions.R#L337   } ...
R/spatialCooccur_functions.R#L338   return(ratio_mat) ...
R/spatialCooccur_functions.R#L367   coords <- seurat_object[[fov]]$centroi ...
R/spatialCooccur_functions.R#L371   cells <- coords$cell ...
R/spatialCooccur_functions.R#L372   rownames(coords) <- cells ...
R/spatialCooccur_functions.R#L373   coords <- as.matrix(coords[, c("x", "y ...
R/spatialCooccur_functions.R#L374   dim(coords) ...
R/spatialCooccur_functions.R#L376   res_nn2 <- RANN::nn2( ...
R/spatialCooccur_functions.R#L382   ) ...
R/spatialCooccur_functions.R#L383   # (1) Create a ‘cell ID column’ in coo ...
R/spatialCooccur_functions.R#L384   coords_df_ <- coords %>% ...
R/spatialCooccur_functions.R#L388   # (2) Create a graph based on nn.idx t ...
R/spatialCooccur_functions.R#L389   # Draw an edge between the cell in row ...
R/spatialCooccur_functions.R#L390   # (excluding 0) ...
R/spatialCooccur_functions.R#L391   edges <- vector("list", length = nrow( ...
R/spatialCooccur_functions.R#L392   num_clus <- vector("list", length = nr ...
R/spatialCooccur_functions.R#L393   for (i in seq_len(nrow(res_nn2$nn.idx) ...
R/spatialCooccur_functions.R#L399   } ...
R/spatialCooccur_functions.R#L401   edges_vec <- unlist(edges, use.names = ...
R/spatialCooccur_functions.R#L403   # (3) Creating an igraph object ...
R/spatialCooccur_functions.R#L404   # Assuming an undirected graph (direct ...
R/spatialCooccur_functions.R#L405   g <- igraph::graph(edges = edges_vec,  ...
R/spatialCooccur_functions.R#L407   # (4) Search for a connected component ...
R/spatialCooccur_functions.R#L408   comp <- igraph::components(g, mode = " ...
R/spatialCooccur_functions.R#L409   # component numbers (1, 2, 3, ...) to  ...
R/spatialCooccur_functions.R#L411   cluster_id <- comp$membership ...
R/spatialCooccur_functions.R#L413   # (5) Add a cluster_id column to coord ...
R/spatialCooccur_functions.R#L414   coords_df_$cluster_id <- cluster_id ...
R/spatialCooccur_functions.R#L416   coords_df_ <- coords_df_ %>% ...
R/spatialCooccur_functions.R#L420                   x_max = max(x), ...
R/spatialCooccur_functions.R#L421                   y_min = min(y), ...
R/spatialCooccur_functions.R#L422                   y_max = max(y), ...
R/spatialCooccur_functions.R#L423                   n_all_cells = n()) %>% ...
R/spatialCooccur_functions.R#L428                   cluster_id = paste0(fo ...
R/spatialCooccur_functions.R#L430   return(coords_df_) ...
R/spatialCooccur_functions.R#L459   set.seed(seed) ...
R/spatialCooccur_functions.R#L461   if (!cluster_key %in% colnames(seurat_ ...
R/spatialCooccur_functions.R#L463   } ...
R/spatialCooccur_functions.R#L464   cluster_data <- seurat_obj@meta.data[[ ...
R/spatialCooccur_functions.R#L465   int_clust <- paste0("Cluster", cluster ...
R/spatialCooccur_functions.R#L467   all_nn <- list() ...
R/spatialCooccur_functions.R#L468   all_snn <- list() ...
R/spatialCooccur_functions.R#L469   cell_id = vector() ...
R/spatialCooccur_functions.R#L470   for (name in names(seurat_obj@images)) ...
R/spatialCooccur_functions.R#L472       as.data.frame() %>% ...
R/spatialCooccur_functions.R#L473       dplyr::mutate(cell = Cells(seurat_ ...
R/spatialCooccur_functions.R#L481   } ...
R/spatialCooccur_functions.R#L483   if(connectivity_key == "nn") { ...
R/spatialCooccur_functions.R#L485   } else { ...
R/spatialCooccur_functions.R#L487   } ...
R/spatialCooccur_functions.R#L488   rownames(adj) = colnames(adj) = cell_i ...
R/spatialCooccur_functions.R#L490   # --- normalize --- ...
R/spatialCooccur_functions.R#L491   if (transformation) { ...
R/spatialCooccur_functions.R#L494   } ...
R/spatialCooccur_functions.R#L496   cluster_data = factor(cluster_data) ...
R/spatialCooccur_functions.R#L497   n_cls <- length(levels(cluster_data)) ...
R/spatialCooccur_functions.R#L499   count <- compute_count(adj, int_clust_ ...
R/spatialCooccur_functions.R#L501   perform_permutations <- function(adj,  ...
R/spatialCooccur_functions.R#L507       cl, ...
R/spatialCooccur_functions.R#L508       c("compute_count", "permute_cluste ...
R/spatialCooccur_functions.R#L509       envir = environment() ...
R/spatialCooccur_functions.R#L513       tryCatch({ ...
R/spatialCooccur_functions.R#L516       }, error = function(e) { ...
R/spatialCooccur_functions.R#L519       }) ...
R/spatialCooccur_functions.R#L521   } ...
R/spatialCooccur_functions.R#L523   perms <- perform_permutations(adj, int ...
R/spatialCooccur_functions.R#L525   compute_zscore <- function(counts, per ...
R/spatialCooccur_functions.R#L528                      dimnames = list(pas ...
R/spatialCooccur_functions.R#L531       for (j in seq_len(n_clusters)) { ...
R/spatialCooccur_functions.R#L537       } ...
R/spatialCooccur_functions.R#L541   } ...
R/spatialCooccur_functions.R#L542   zscore <- compute_zscore(count, perms) ...
R/spatialCooccur_functions.R#L544   perms_matrix <- do.call(rbind, perms) ...
R/spatialCooccur_functions.R#L545   perm_means <- colMeans(perms_matrix) ...
R/spatialCooccur_functions.R#L546   perm_sds <- apply(perms_matrix, 2, sd) ...
R/spatialCooccur_functions.R#L547   zscore <- (count - perm_means) / perm_ ...
R/spatialCooccur_functions.R#L549   seurat_obj@misc[[paste0(cluster_key, " ...
R/spatialCooccur_functions.R#L552   ) ...
R/spatialCooccur_functions.R#L554   return(seurat_obj) ...
R/spatialCooccur_functions.R#L584   all_nn <- list() ...
R/spatialCooccur_functions.R#L585   all_snn <- list() ...
R/spatialCooccur_functions.R#L586   cell_id = vector() ...
R/spatialCooccur_functions.R#L588   for (name in names(seurat_obj@images)) ...
R/spatialCooccur_functions.R#L590       as.data.frame() %>% ...
R/spatialCooccur_functions.R#L591       dplyr::mutate(cell = Cells(seurat_ ...
R/spatialCooccur_functions.R#L601   } ...
R/spatialCooccur_functions.R#L604   if(connectivity_key == "nn") { ...
R/spatialCooccur_functions.R#L606   } else { ...
R/spatialCooccur_functions.R#L608   } ...
R/spatialCooccur_functions.R#L609   rownames(adj) = colnames(adj) = cell_i ...
R/spatialCooccur_functions.R#L611   local_score = vector() ...
R/spatialCooccur_functions.R#L613   for (name in names(seurat_obj@images)) ...
R/spatialCooccur_functions.R#L615       coords <- seurat_obj[[name]]$centr ...
R/spatialCooccur_functions.R#L620           cluster = seurat_obj@meta.data ...
R/spatialCooccur_functions.R#L624       coords <- seurat_obj[[name]]$centr ...
R/spatialCooccur_functions.R#L629           cluster = seurat_obj@meta.data ...
R/spatialCooccur_functions.R#L632           ] ...
R/spatialCooccur_functions.R#L638       data       = coords[,1:2], ...
R/spatialCooccur_functions.R#L639       query      = coords[,1:2], ...
R/spatialCooccur_functions.R#L640       searchtype = "radius", ...
R/spatialCooccur_functions.R#L641       radius     = radius, ...
R/spatialCooccur_functions.R#L642       k          = neighbors.k ...
R/spatialCooccur_functions.R#L650       neighbors_i <- res_nn2$nn.idx[i, ] ...
R/spatialCooccur_functions.R#L651       neighbors_i <- neighbors_i[neighbo ...
R/spatialCooccur_functions.R#L652       neighbors_i <- neighbors_i[neighbo ...
R/spatialCooccur_functions.R#L654       if (length(neighbors_i) == 0) { ...
R/spatialCooccur_functions.R#L657       } ...
R/spatialCooccur_functions.R#L659       cluster_vec <- coords$cluster ...
R/spatialCooccur_functions.R#L660       c_vec <- as.character(cluster_vec[ ...
R/spatialCooccur_functions.R#L662       cond_present <- any(c_vec == clust ...
R/spatialCooccur_functions.R#L664       if (cond_present) { ...
R/spatialCooccur_functions.R#L666       } else { ...
R/spatialCooccur_functions.R#L668       } ...
R/spatialCooccur_functions.R#L671   } ...
R/spatialCooccur_functions.R#L675   diffuse_step <- function(adj, local_sc ...
R/spatialCooccur_functions.R#L681   } ...
R/spatialCooccur_functions.R#L683   nsteps=NULL ...
R/spatialCooccur_functions.R#L684   for (i in seq_len(maxnsteps)) { ...
R/spatialCooccur_functions.R#L686                       local_score) ...
R/spatialCooccur_functions.R#L689       prevmedkurt <- medkurt ...
R/spatialCooccur_functions.R#L690       if(is.nan(medkurt)) { ...
R/spatialCooccur_functions.R#L692       } ...
R/spatialCooccur_functions.R#L693       if (prevmedkurt - medkurt < 3 & i  ...
R/spatialCooccur_functions.R#L696       } ...
R/spatialCooccur_functions.R#L698       break ...
R/spatialCooccur_functions.R#L700   } ...
R/spatialCooccur_functions.R#L702   df = data.frame(cooccur_local_scores = ...
R/spatialCooccur_functions.R#L704   rownames(df) = names(local_score) ...
R/spatialCooccur_functions.R#L705   return(df) ...
R/spatialCooccur_functions.R#L723   #if (inherits(df, "Seurat")){ ...
R/spatialCooccur_functions.R#L724   #  return(cooccur_local.Seurat(df, clu ...
R/spatialCooccur_functions.R#L725   #} ...
R/spatialCooccur_functions.R#L726   coords <- df %>% ...
R/spatialCooccur_functions.R#L728   cell_id <- coords$cell ...
R/spatialCooccur_functions.R#L729   rownames(coords) = coords$cell ...
R/spatialCooccur_functions.R#L730   coords <- as.matrix(coords[, c("x", "y ...
R/spatialCooccur_functions.R#L732   # transformation: advised for analytic ...
R/spatialCooccur_functions.R#L734   neighbors <- FindNeighbors(coords, k.p ...
R/spatialCooccur_functions.R#L736   if(connectivity_key == "nn") { ...
R/spatialCooccur_functions.R#L738   } else { ...
R/spatialCooccur_functions.R#L740   } ...
R/spatialCooccur_functions.R#L741   rownames(adj) = colnames(adj) = cell_i ...
R/spatialCooccur_functions.R#L743   coords <- df %>% ...
R/spatialCooccur_functions.R#L747   res_nn2 <- RANN::nn2( ...
R/spatialCooccur_functions.R#L753   ) ...
R/spatialCooccur_functions.R#L755   local_score_ <- numeric(nrow(coords)) ...
R/spatialCooccur_functions.R#L756   names(local_score_) <- rownames(coords ...
R/spatialCooccur_functions.R#L758   for (i in seq_len(nrow(coords))) { ...
R/spatialCooccur_functions.R#L764       local_score_[i] <- 0 ...
R/spatialCooccur_functions.R#L765       next ...
R/spatialCooccur_functions.R#L773       local_score_[i] <- 1 ...
R/spatialCooccur_functions.R#L775       local_score_[i] <- 0 ...
R/spatialCooccur_functions.R#L777   } ...
R/spatialCooccur_functions.R#L778   local_score = local_score_ ...
R/spatialCooccur_functions.R#L780   if(maxnsteps == 0) { ...
R/spatialCooccur_functions.R#L782       magrittr::set_colnames(paste0("coo ...
R/spatialCooccur_functions.R#L785   } else { ...
R/spatialCooccur_functions.R#L787       a <- adj ...
R/spatialCooccur_functions.R#L788       degrees <- Matrix::colSums(a) + 1 ...
R/spatialCooccur_functions.R#L789       s_norm <- matrix(local_score) / de ...
R/spatialCooccur_functions.R#L790       res <- (a %*% s_norm) + s_norm ...
R/spatialCooccur_functions.R#L791       return(as.matrix(res)) ...
R/spatialCooccur_functions.R#L796       s <- diffuse_step(adj, ...
R/spatialCooccur_functions.R#L798       medkurt <- moments::kurtosis(prop. ...
R/spatialCooccur_functions.R#L799       if (is.null(nsteps)) { ...
R/spatialCooccur_functions.R#L802           break ...
R/spatialCooccur_functions.R#L805           #message(glue::glue('stopping  ...
R/spatialCooccur_functions.R#L806           break ...
R/spatialCooccur_functions.R#L808       } else if (i == nsteps) { ...
R/spatialCooccur_functions.R#L810       } ...
R/spatialCooccur_functions.R#L813       magrittr::set_colnames(paste0("coo ...
R/spatialCooccur_functions.R#L816   } ...
R/spatialCooccur_functions.R#L835   #if(inherits(df, "Seurat")){ ...
R/spatialCooccur_functions.R#L836   #  return(nhood_enrichment.Seurat(df,  ...
R/spatialCooccur_functions.R#L837   #} ...
R/spatialCooccur_functions.R#L838   set.seed(seed) ...
R/spatialCooccur_functions.R#L840   cluster_data <- df[,cluster_key] ...
R/spatialCooccur_functions.R#L841   int_clust <- paste0("Cluster", cluster ...
R/spatialCooccur_functions.R#L843   coords <- df %>% ...
R/spatialCooccur_functions.R#L845   cell_id <- coords$cell ...
R/spatialCooccur_functions.R#L846   rownames(coords) = coords$cell ...
R/spatialCooccur_functions.R#L847   coords <- as.matrix(coords[, c("x", "y ...
R/spatialCooccur_functions.R#L849   neighbors <- FindNeighbors(coords, k.p ...
R/spatialCooccur_functions.R#L851   if(connectivity_key == "nn") { ...
R/spatialCooccur_functions.R#L853   } else { ...
R/spatialCooccur_functions.R#L855   } ...
R/spatialCooccur_functions.R#L856   rownames(adj) = colnames(adj) = cell_i ...
R/spatialCooccur_functions.R#L858   # --- normalize --- ...
R/spatialCooccur_functions.R#L859   if (transformation) { ...
R/spatialCooccur_functions.R#L862   } ...
R/spatialCooccur_functions.R#L864   cluster_data = factor(cluster_data) ...
R/spatialCooccur_functions.R#L865   n_cls <- length(levels(cluster_data)) ...
R/spatialCooccur_functions.R#L867   count <- compute_count(adj, int_clust_ ...
R/spatialCooccur_functions.R#L869   perform_permutations <- function(adj,  ...
R/spatialCooccur_functions.R#L875       cl, ...
R/spatialCooccur_functions.R#L876       c("compute_count", "permute_cluste ...
R/spatialCooccur_functions.R#L877       envir = environment() ...
R/spatialCooccur_functions.R#L881       tryCatch({ ...
R/spatialCooccur_functions.R#L884       }, error = function(e) { ...
R/spatialCooccur_functions.R#L887       }) ...
R/spatialCooccur_functions.R#L889   } ...
R/spatialCooccur_functions.R#L891   perms <- perform_permutations(adj, int ...
R/spatialCooccur_functions.R#L893   compute_zscore <- function(counts, per ...
R/spatialCooccur_functions.R#L896                      dimnames = list(pas ...
R/spatialCooccur_functions.R#L899       for (j in seq_len(n_clusters)) { ...
R/spatialCooccur_functions.R#L904       } ...
R/spatialCooccur_functions.R#L908   } ...
R/spatialCooccur_functions.R#L909   zscore <- compute_zscore(count, perms) ...
R/spatialCooccur_functions.R#L911   perms_matrix <- do.call(rbind, perms) ...
R/spatialCooccur_functions.R#L912   perm_means <- colMeans(perms_matrix) ...
R/spatialCooccur_functions.R#L913   perm_sds <- apply(perms_matrix, 2, sd) ...
R/spatialCooccur_functions.R#L914   zscore <- (count - perm_means) / perm_ ...
R/spatialCooccur_functions.R#L916   return(list( ...
R/spatialCooccur_functions.R#L919   )) ...
R/spatialCooccur_functions.R#L929   "0" = "#E41A1C", "1" = "#377EB8", "2"  ...
R/spatialCooccur_functions.R#L930   "5" = "#FFFF33", "6" = "#A65628", "7"  ...
R/spatialCooccur_functions.R#L931   "10" = "#67000D", "11" = "#8DA0CB", "1 ...
R/spatialCooccur_functions.R#L932   "15" = "#FC8D62", "16" = "darkgrey", " ...
R/spatialCooccur_functions.R#L933   "20" = "#FDE0EF", "21" = "#B8E186", "2 ...
R/spatialCooccur_functions.R#L934   "25" = "#FC8D63", "26" = "brown", "27" ...
R/spatialCooccur_functions.R#L935   "30" = "#FDE1EF" ...
R/zzz.R#L2    ...
R/zzz.R#L3   # Get package version dynamically ...
R/zzz.R#L4   version <- utils::packageVersion(pkgna ...
R/zzz.R#L5    ...
R/zzz.R#L6   # 1. Brief Description ...
R/zzz.R#L7   packageStartupMessage( ...
R/zzz.R#L9   ) ...
R/zzz.R#L10    ...
R/zzz.R#L11   # 2. Citation Information ...
R/zzz.R#L12   citation_text <- "Inamo J, et al. (202 ...
R/zzz.R#L13   packageStartupMessage( ...
R/zzz.R#L16   ) ...
R/zzz.R#L17    ...
R/zzz.R#L18   # 3. Developer and Contact Information ...
R/zzz.R#L19   packageStartupMessage( ...
R/zzz.R#L21   ) ...
man/calc_co_occurrence_for_radius.Rd#L8   seurat_obj, ...
man/calc_co_occurrence_for_radius.Rd#L9   radius, ...
man/calc_co_occurrence_for_radius.Rd#L10   sample_key, ...
man/calc_co_occurrence_for_radius.Rd#L11   cluster_key, ...
man/calc_co_occurrence_for_radius.Rd#L12   k = 30 ...
man/compute_count.Rd#L8   adj, ...
man/compute_count.Rd#L9   int_clust_row, ...
man/compute_count.Rd#L10   int_clust_col, ...
man/compute_count.Rd#L11   n_cls, ...
man/compute_count.Rd#L12   cluster_data, ...
man/compute_count.Rd#L13   transformation = TRUE ...
man/cooccur_local.Rd#L8   df, ...
man/cooccur_local.Rd#L9   cluster_x, ...
man/cooccur_local.Rd#L10   cluster_y, ...
man/cooccur_local.Rd#L11   connectivity_key = "nn", ...
man/cooccur_local.Rd#L12   neighbors.k = 20, ...
man/cooccur_local.Rd#L13   radius = 30, ...
man/cooccur_local.Rd#L14   maxnsteps = 1 ...
man/cooccur_local.Seurat.Rd#L8   seurat_obj, ...
man/cooccur_local.Seurat.Rd#L9   cluster_x, ...
man/cooccur_local.Seurat.Rd#L10   cluster_y, ...
man/cooccur_local.Seurat.Rd#L11   connectivity_key = "nn", ...
man/cooccur_local.Seurat.Rd#L12   cluster_key = "seurat_clusters", ...
man/cooccur_local.Seurat.Rd#L13   sample_key = "sample_id", ...
man/cooccur_local.Seurat.Rd#L14   neighbors.k = 20, ...
man/cooccur_local.Seurat.Rd#L15   radius = 30, ...
man/cooccur_local.Seurat.Rd#L16   maxnsteps = 15 ...
man/generate_sim.Rd#L8   close_ratio = 0.7, ...
man/generate_sim.Rd#L9   n_types = 10, ...
man/generate_sim.Rd#L10   max_loc = 800, ...
man/generate_sim.Rd#L11   n_perm = 100, ...
man/generate_sim.Rd#L12   n_cells = 1500, ...
man/generate_sim.Rd#L13   test_type = "circle", ...
man/generate_sim.Rd#L14   distance_param = 50, ...
man/generate_sim.Rd#L15   seed = 1234 ...
man/nhood_enrichment.Rd#L8   df, ...
man/nhood_enrichment.Rd#L9   cluster_key, ...
man/nhood_enrichment.Rd#L10   neighbors.k = 30, ...
man/nhood_enrichment.Rd#L11   connectivity_key = "nn", ...
man/nhood_enrichment.Rd#L12   transformation = TRUE, ...
man/nhood_enrichment.Rd#L13   n_perms = 100, ...
man/nhood_enrichment.Rd#L14   seed = 1938493, ...
man/nhood_enrichment.Rd#L15   n_jobs = 4 ...
man/nhood_enrichment.Seurat.Rd#L8   seurat_obj, ...
man/nhood_enrichment.Seurat.Rd#L9   cluster_key, ...
man/nhood_enrichment.Seurat.Rd#L10   neighbors.k = 30, ...
man/nhood_enrichment.Seurat.Rd#L11   connectivity_key = "nn", ...
man/nhood_enrichment.Seurat.Rd#L12   transformation = TRUE, ...
man/nhood_enrichment.Seurat.Rd#L13   n_perms = 100, ...
man/nhood_enrichment.Seurat.Rd#L14   seed = 1938493, ...
man/nhood_enrichment.Seurat.Rd#L15   n_jobs = 4 ...
man/search_interaction_spot.Rd#L8   seurat_object, ...
man/search_interaction_spot.Rd#L9   fov, ...
man/search_interaction_spot.Rd#L10   radius, ...
man/search_interaction_spot.Rd#L11   n_min, ...
man/search_interaction_spot.Rd#L12   neighbors.k = 200, ...
man/search_interaction_spot.Rd#L13   cell_id = cell_id, ...
man/search_interaction_spot.Rd#L14   cluster_col = cluster_col, ...
man/search_interaction_spot.Rd#L15   target_cluster = target_cluster ...
vignettes/SNA_tutorial_10Xdata.Rmd#L42   my.knn <- nn2(data = data.use, k = k.p ...
vignettes/SNA_tutorial_10Xdata.Rmd#L43   nn.ranked <- my.knn$nn.idx ...
vignettes/SNA_tutorial_10Xdata.Rmd#L44    ...
vignettes/SNA_tutorial_10Xdata.Rmd#L45   snn_res <- ComputeSNN(nn_ranked = nn.r ...
vignettes/SNA_tutorial_10Xdata.Rmd#L46   rownames(snn_res) <- row.names(data.us ...
vignettes/SNA_tutorial_10Xdata.Rmd#L47   colnames(snn_res) <- row.names(data.us ...
vignettes/SNA_tutorial_10Xdata.Rmd#L48   return(snn_res) ...
vignettes/SNA_tutorial_10Xdata.Rmd#L68   centroids = CreateCentroids(data$centr ...
vignettes/SNA_tutorial_10Xdata.Rmd#L69   segmentation = CreateSegmentation(data ...
vignettes/SNA_tutorial_10Xdata.Rmd#L71   coords = segmentations.data,  ...
vignettes/SNA_tutorial_10Xdata.Rmd#L72   type = c("segmentation", "centroids"), ...
vignettes/SNA_tutorial_10Xdata.Rmd#L73   molecules = data$microns,  ...
vignettes/SNA_tutorial_10Xdata.Rmd#L74   assay = "Spatial") ...
vignettes/SNA_tutorial_10Xdata.Rmd#L76   counts = data$matrix[["Gene Expression ...
vignettes/SNA_tutorial_10Xdata.Rmd#L77   assay = "Spatial") ...
vignettes/SNA_tutorial_10Xdata.Rmd#L104                           conserve.memor ...
vignettes/SNA_tutorial_10Xdata.Rmd#L107                      reduction = "pca",  ...
vignettes/SNA_tutorial_10Xdata.Rmd#L108                      k.param = 30, ...
vignettes/SNA_tutorial_10Xdata.Rmd#L109                      dims = 1:30) ...
vignettes/SNA_tutorial_10Xdata.Rmd#L111                reduction = "pca",  ...
vignettes/SNA_tutorial_10Xdata.Rmd#L112                n.neighbors = 30L, ...
vignettes/SNA_tutorial_10Xdata.Rmd#L113                min.dist = 0.3, ...
vignettes/SNA_tutorial_10Xdata.Rmd#L114                dims = 1:30) ...
vignettes/SNA_tutorial_10Xdata.Rmd#L119                           nn.eps = 0) ...
vignettes/SNA_tutorial_10Xdata.Rmd#L123   Seurat:::RunModularityClustering(SNN = ...
vignettes/SNA_tutorial_10Xdata.Rmd#L124                                    modul ...
vignettes/SNA_tutorial_10Xdata.Rmd#L125                                    resol ...
vignettes/SNA_tutorial_10Xdata.Rmd#L126                                    algor ...
vignettes/SNA_tutorial_10Xdata.Rmd#L127                                    n.sta ...
vignettes/SNA_tutorial_10Xdata.Rmd#L128                                    n.ite ...
vignettes/SNA_tutorial_10Xdata.Rmd#L129                                    temp. ...
vignettes/SNA_tutorial_10Xdata.Rmd#L142   dplyr::mutate(across(everything(), ~ f ...
vignettes/SNA_tutorial_10Xdata.Rmd#L157   srt = xenium.obj,  ...
vignettes/SNA_tutorial_10Xdata.Rmd#L158   group.by = cluster_col,  ...
vignettes/SNA_tutorial_10Xdata.Rmd#L159   reduction = "UMAP", theme_use = "theme ...
vignettes/SNA_tutorial_10Xdata.Rmd#L160   raster = FALSE, ...
vignettes/SNA_tutorial_10Xdata.Rmd#L161   stat_plot_size = 3 ...
vignettes/SNA_tutorial_10Xdata.Rmd#L171   group_by(cluster) %>% ...
vignettes/SNA_tutorial_10Xdata.Rmd#L172   dplyr::slice_max(avg_log2FC, n = 10) % ...
vignettes/SNA_tutorial_10Xdata.Rmd#L173   as.data.frame()  ...
vignettes/SNA_tutorial_10Xdata.Rmd#L192   xenium.obj@meta.data[,cluster_col] ==  ...
vignettes/SNA_tutorial_10Xdata.Rmd#L193   xenium.obj@meta.data[,cluster_col] ==  ...
vignettes/SNA_tutorial_10Xdata.Rmd#L194   xenium.obj@meta.data[,cluster_col] ==  ...
vignettes/SNA_tutorial_10Xdata.Rmd#L195   xenium.obj@meta.data[,cluster_col] ==  ...
vignettes/SNA_tutorial_10Xdata.Rmd#L196   xenium.obj@meta.data[,cluster_col] ==  ...
vignettes/SNA_tutorial_10Xdata.Rmd#L197   xenium.obj@meta.data[,cluster_col] ==  ...
vignettes/SNA_tutorial_10Xdata.Rmd#L198   xenium.obj@meta.data[,cluster_col] ==  ...
vignettes/SNA_tutorial_10Xdata.Rmd#L199   xenium.obj@meta.data[,cluster_col] ==  ...
vignettes/SNA_tutorial_10Xdata.Rmd#L200   xenium.obj@meta.data[,cluster_col] ==  ...
vignettes/SNA_tutorial_10Xdata.Rmd#L213   srt = xenium.obj,  ...
vignettes/SNA_tutorial_10Xdata.Rmd#L214   group.by = cluster_col,  ...
vignettes/SNA_tutorial_10Xdata.Rmd#L215   reduction = "UMAP", theme_use = "theme ...
vignettes/SNA_tutorial_10Xdata.Rmd#L216   raster = FALSE, ...
vignettes/SNA_tutorial_10Xdata.Rmd#L217   stat_plot_size = 1 ...
vignettes/SNA_tutorial_10Xdata.Rmd#L219   scale_color_manual(values = cluster_CO ...
vignettes/SNA_tutorial_10Xdata.Rmd#L220   guides(color = guide_legend(override.a ...
vignettes/SNA_tutorial_10Xdata.Rmd#L221                                          ...
vignettes/SNA_tutorial_10Xdata.Rmd#L222                              title = "cl ...
vignettes/SNA_tutorial_10Xdata.Rmd#L223                              ncol = 1)) ...
vignettes/SNA_tutorial_10Xdata.Rmd#L230              fov = "fov",  ...
vignettes/SNA_tutorial_10Xdata.Rmd#L231              size = 1.2, ...
vignettes/SNA_tutorial_10Xdata.Rmd#L232              group.by = cluster_col,  ...
vignettes/SNA_tutorial_10Xdata.Rmd#L233              dark.background = F)  & ...
vignettes/SNA_tutorial_10Xdata.Rmd#L234   scale_fill_manual(values = cluster_COL ...
vignettes/SNA_tutorial_10Xdata.Rmd#L235   guides(fill = guide_legend(override.ae ...
vignettes/SNA_tutorial_10Xdata.Rmd#L236                                          ...
vignettes/SNA_tutorial_10Xdata.Rmd#L237                              title = "cl ...
vignettes/SNA_tutorial_10Xdata.Rmd#L238                              ncol = 1)) ...
vignettes/SNA_tutorial_10Xdata.Rmd#L254   xenium.obj, ...
vignettes/SNA_tutorial_10Xdata.Rmd#L255   cluster_key = cluster_col,  ...
vignettes/SNA_tutorial_10Xdata.Rmd#L256   neighbors.k = neighbors.k_,  ...
vignettes/SNA_tutorial_10Xdata.Rmd#L257   connectivity_key = "nn",  ...
vignettes/SNA_tutorial_10Xdata.Rmd#L258   transformation = TRUE, ...
vignettes/SNA_tutorial_10Xdata.Rmd#L259   n_perms = n_perm, seed = seed, n_jobs  ...
vignettes/SNA_tutorial_10Xdata.Rmd#L275                   dimnames = dimnames(ma ...
vignettes/SNA_tutorial_10Xdata.Rmd#L280   mat[nm, nm] <- NA ...
vignettes/SNA_tutorial_10Xdata.Rmd#L281   sig_mat[nm, nm] <- "" ...
vignettes/SNA_tutorial_10Xdata.Rmd#L285                    name = "Z-score", ...
vignettes/SNA_tutorial_10Xdata.Rmd#L286                    col = colorRamp2(c(-2 ...
vignettes/SNA_tutorial_10Xdata.Rmd#L287                    show_row_names = TRUE ...
vignettes/SNA_tutorial_10Xdata.Rmd#L288                    show_column_names = T ...
vignettes/SNA_tutorial_10Xdata.Rmd#L289                    cluster_rows = TRUE,  ...
vignettes/SNA_tutorial_10Xdata.Rmd#L290                    cluster_columns = TRU ...
vignettes/SNA_tutorial_10Xdata.Rmd#L291                    #show_column_dend = F ...
vignettes/SNA_tutorial_10Xdata.Rmd#L292                    #show_row_dend = FALS ...
vignettes/SNA_tutorial_10Xdata.Rmd#L293                    row_title = "",   ...
vignettes/SNA_tutorial_10Xdata.Rmd#L294                    column_title = paste0 ...
vignettes/SNA_tutorial_10Xdata.Rmd#L295                    rect_gp = gpar(col =  ...
vignettes/SNA_tutorial_10Xdata.Rmd#L296                    na_col = "black",     ...
vignettes/SNA_tutorial_10Xdata.Rmd#L297                    column_names_gp = gri ...
vignettes/SNA_tutorial_10Xdata.Rmd#L298                    row_names_gp = grid:: ...
vignettes/SNA_tutorial_10Xdata.Rmd#L300                    cell_fun = function(j ...
vignettes/SNA_tutorial_10Xdata.Rmd#L301                      if(sig_mat[i, j] == ...
vignettes/SNA_tutorial_10Xdata.Rmd#L302                        grid.text("**",  ...
vignettes/SNA_tutorial_10Xdata.Rmd#L303                                  x = x, ...
vignettes/SNA_tutorial_10Xdata.Rmd#L304                                  y = y - ...
vignettes/SNA_tutorial_10Xdata.Rmd#L305                                  gp = gp ...
vignettes/SNA_tutorial_10Xdata.Rmd#L306                      } ...
vignettes/SNA_tutorial_10Xdata.Rmd#L307                      if(sig_mat[i, j] == ...
vignettes/SNA_tutorial_10Xdata.Rmd#L308                        grid.text("*",  ...
vignettes/SNA_tutorial_10Xdata.Rmd#L309                                  x = x, ...
vignettes/SNA_tutorial_10Xdata.Rmd#L310                                  y = y - ...
vignettes/SNA_tutorial_10Xdata.Rmd#L311                                  gp = gp ...
vignettes/SNA_tutorial_10Xdata.Rmd#L312                      } ...
vignettes/SNA_tutorial_10Xdata.Rmd#L313                    } ...
vignettes/SNA_tutorial_10Xdata.Rmd#L318      merge_legend = TRUE, ...
vignettes/SNA_tutorial_10Xdata.Rmd#L319      heatmap_legend_side = "bottom",  ...
vignettes/SNA_tutorial_10Xdata.Rmd#L320      annotation_legend_side = "bottom") ...
vignettes/SNA_tutorial_10Xdata.Rmd#L336   xenium.obj, ...
vignettes/SNA_tutorial_10Xdata.Rmd#L337   cluster_key      = cluster_col, ...
vignettes/SNA_tutorial_10Xdata.Rmd#L338   sample_key       = NULL, ...
vignettes/SNA_tutorial_10Xdata.Rmd#L339   cluster_x        = cluster_x, ...
vignettes/SNA_tutorial_10Xdata.Rmd#L340   cluster_y        = cluster_y, ...
vignettes/SNA_tutorial_10Xdata.Rmd#L341   connectivity_key = "nn", ...
vignettes/SNA_tutorial_10Xdata.Rmd#L342   neighbors.k      = neighbors.k_,  ...
vignettes/SNA_tutorial_10Xdata.Rmd#L343   radius           = radius_, ...
vignettes/SNA_tutorial_10Xdata.Rmd#L344   maxnsteps        = 15 ...
vignettes/SNA_tutorial_10Xdata.Rmd#L356                      features = paste0(" ...
vignettes/SNA_tutorial_10Xdata.Rmd#L357                      #dark.background =  ...
vignettes/SNA_tutorial_10Xdata.Rmd#L358                      cols = c("white", " ...
vignettes/SNA_tutorial_10Xdata.Rmd#L372    ...
vignettes/SNA_tutorial_10Xdata.Rmd#L390              fov = "fov",  ...
vignettes/SNA_tutorial_10Xdata.Rmd#L391              size = 0.5, ...
vignettes/SNA_tutorial_10Xdata.Rmd#L392              molecules = c("Gad1", "Sst" ...
vignettes/SNA_tutorial_10Xdata.Rmd#L409   srt = xenium.obj,  ...
vignettes/SNA_tutorial_10Xdata.Rmd#L410   group.by = cluster_col,  ...
vignettes/SNA_tutorial_10Xdata.Rmd#L411   reduction = "UMAP", theme_use = "theme ...
vignettes/SNA_tutorial_10Xdata.Rmd#L412   raster = FALSE, ...
vignettes/SNA_tutorial_10Xdata.Rmd#L413   stat_plot_size = 3 ...
vignettes/SNA_tutorial_10Xdata.Rmd#L426              size = 0.75) ...
vignettes/SNA_tutorial_10Xdata.Rmd#L482   group_by(cluster) %>% ...
vignettes/SNA_tutorial_10Xdata.Rmd#L483   dplyr::slice_max(avg_log2FC, n = 1) %> ...
vignettes/SNA_tutorial_10Xdata.Rmd#L484   as.data.frame() %>% ...
vignettes/SNA_tutorial_10Xdata.Rmd#L485   pull(gene) %>% ...
vignettes/SNA_tutorial_10Xdata.Rmd#L486   unique() ...
vignettes/SNA_tutorial_10Xdata.Rmd#L489    ...
vignettes/SNA_tutorial_10Xdata.Rmd#L491   scale_color_manual(values = marker_COL ...
vignettes/SNA_tutorial_10Xdata.Rmd#L501   srt = xenium.obj,  ...
vignettes/SNA_tutorial_10Xdata.Rmd#L502   group.by = cluster_col,  ...
vignettes/SNA_tutorial_10Xdata.Rmd#L503   reduction = "UMAP", theme_use = "theme ...
vignettes/SNA_tutorial_10Xdata.Rmd#L504   raster = FALSE, ...
vignettes/SNA_tutorial_10Xdata.Rmd#L505   stat_plot_size = 1 ...
vignettes/SNA_tutorial_10Xdata.Rmd#L507   scale_color_manual(values = cluster_CO ...
vignettes/SNA_tutorial_10Xdata.Rmd#L508   guides(color = guide_legend(override.a ...
vignettes/SNA_tutorial_10Xdata.Rmd#L509                                          ...
vignettes/SNA_tutorial_10Xdata.Rmd#L510                              title = "cl ...
vignettes/SNA_tutorial_10Xdata.Rmd#L511                              ncol = 1)) ...
vignettes/SNA_tutorial_10Xdata.Rmd#L520              fov = "fov",  ...
vignettes/SNA_tutorial_10Xdata.Rmd#L521              size = 0.5, ...
vignettes/SNA_tutorial_10Xdata.Rmd#L522              group.by = cluster_col)  & ...
vignettes/SNA_tutorial_10Xdata.Rmd#L523   scale_fill_manual(values = cluster_COL ...
vignettes/SNA_tutorial_10Xdata.Rmd#L537   xenium.obj, ...
vignettes/SNA_tutorial_10Xdata.Rmd#L538   cluster_key = cluster_col,  ...
vignettes/SNA_tutorial_10Xdata.Rmd#L539   neighbors.k = neighbors.k_,  ...
vignettes/SNA_tutorial_10Xdata.Rmd#L540   connectivity_key = "nn",  ...
vignettes/SNA_tutorial_10Xdata.Rmd#L541   transformation = TRUE, ...
vignettes/SNA_tutorial_10Xdata.Rmd#L542   n_perms = n_perm, seed = seed, n_jobs  ...
vignettes/SNA_tutorial_10Xdata.Rmd#L558                   dimnames = dimnames(ma ...
vignettes/SNA_tutorial_10Xdata.Rmd#L564   mat[nm, nm] <- NA ...
vignettes/SNA_tutorial_10Xdata.Rmd#L565   sig_mat[nm, nm] <- "" ...
vignettes/SNA_tutorial_10Xdata.Rmd#L569                    name = "Z-score", ...
vignettes/SNA_tutorial_10Xdata.Rmd#L570                    col = colorRamp2(c(-2 ...
vignettes/SNA_tutorial_10Xdata.Rmd#L571                    show_row_names = TRUE ...
vignettes/SNA_tutorial_10Xdata.Rmd#L572                    show_column_names = T ...
vignettes/SNA_tutorial_10Xdata.Rmd#L573                    cluster_rows = TRUE,  ...
vignettes/SNA_tutorial_10Xdata.Rmd#L574                    cluster_columns = TRU ...
vignettes/SNA_tutorial_10Xdata.Rmd#L575                    #show_column_dend = F ...
vignettes/SNA_tutorial_10Xdata.Rmd#L576                    #show_row_dend = FALS ...
vignettes/SNA_tutorial_10Xdata.Rmd#L577                    row_title = "",   ...
vignettes/SNA_tutorial_10Xdata.Rmd#L578                    column_title = paste0 ...
vignettes/SNA_tutorial_10Xdata.Rmd#L579                    rect_gp = gpar(col =  ...
vignettes/SNA_tutorial_10Xdata.Rmd#L580                    na_col = "black",     ...
vignettes/SNA_tutorial_10Xdata.Rmd#L581                    column_names_gp = gri ...
vignettes/SNA_tutorial_10Xdata.Rmd#L582                    row_names_gp = grid:: ...
vignettes/SNA_tutorial_10Xdata.Rmd#L584                    cell_fun = function(j ...
vignettes/SNA_tutorial_10Xdata.Rmd#L585                      if(sig_mat[i, j] == ...
vignettes/SNA_tutorial_10Xdata.Rmd#L586                        grid.text("**",  ...
vignettes/SNA_tutorial_10Xdata.Rmd#L587                                  x = x, ...
vignettes/SNA_tutorial_10Xdata.Rmd#L588                                  y = y - ...
vignettes/SNA_tutorial_10Xdata.Rmd#L589                                  gp = gp ...
vignettes/SNA_tutorial_10Xdata.Rmd#L590                      } ...
vignettes/SNA_tutorial_10Xdata.Rmd#L591                      if(sig_mat[i, j] == ...
vignettes/SNA_tutorial_10Xdata.Rmd#L592                        grid.text("*",  ...
vignettes/SNA_tutorial_10Xdata.Rmd#L593                                  x = x, ...
vignettes/SNA_tutorial_10Xdata.Rmd#L594                                  y = y - ...
vignettes/SNA_tutorial_10Xdata.Rmd#L595                                  gp = gp ...
vignettes/SNA_tutorial_10Xdata.Rmd#L596                      } ...
vignettes/SNA_tutorial_10Xdata.Rmd#L597                    } ...
vignettes/SNA_tutorial_10Xdata.Rmd#L602      merge_legend = TRUE, ...
vignettes/SNA_tutorial_10Xdata.Rmd#L603      heatmap_legend_side = "bottom",  ...
vignettes/SNA_tutorial_10Xdata.Rmd#L604      annotation_legend_side = "bottom") ...
vignettes/SNA_tutorial_10Xdata.Rmd#L620   xenium.obj, ...
vignettes/SNA_tutorial_10Xdata.Rmd#L621   cluster_key      = cluster_col, ...
vignettes/SNA_tutorial_10Xdata.Rmd#L622   sample_key       = NULL, ...
vignettes/SNA_tutorial_10Xdata.Rmd#L623   cluster_x        = cluster_x, ...
vignettes/SNA_tutorial_10Xdata.Rmd#L624   cluster_y        = cluster_y, ...
vignettes/SNA_tutorial_10Xdata.Rmd#L625   connectivity_key = "nn", ...
vignettes/SNA_tutorial_10Xdata.Rmd#L626   neighbors.k      = neighbors.k_,  ...
vignettes/SNA_tutorial_10Xdata.Rmd#L627   radius           = radius_, ...
vignettes/SNA_tutorial_10Xdata.Rmd#L628   maxnsteps        = 15 ...
vignettes/SNA_tutorial_10Xdata.Rmd#L643                      features = gsub(" " ...
vignettes/SNA_tutorial_10Xdata.Rmd#L644                      #dark.background =  ...
vignettes/SNA_tutorial_10Xdata.Rmd#L645                      cols = c("white", " ...
vignettes/SNA_tutorial_10Xdata.Rmd#L655              fov = "fov",  ...
vignettes/SNA_tutorial_10Xdata.Rmd#L656              size = 0.3, ...
vignettes/SNA_tutorial_10Xdata.Rmd#L657              group.by = cluster_col)  & ...
vignettes/SNA_tutorial_10Xdata.Rmd#L658   scale_fill_manual(values = cluster_COL ...
vignettes/SNA_tutorial_10Xdata.Rmd#L659   guides(fill = guide_legend(override.ae ...
vignettes/SNA_tutorial_10Xdata.Rmd#L660                                          ...
vignettes/SNA_tutorial_10Xdata.Rmd#L661                              title = "cl ...
vignettes/SNA_tutorial_10Xdata.Rmd#L662                              ncol = 1)) ...
vignettes/SNA_tutorial_10Xdata.Rmd#L665              fov = "fov",  ...
vignettes/SNA_tutorial_10Xdata.Rmd#L666              size = 0.3, ...
vignettes/SNA_tutorial_10Xdata.Rmd#L667              group.by = cluster_col)  & ...
vignettes/SNA_tutorial_10Xdata.Rmd#L668   scale_fill_manual(values = cluster_COL ...
vignettes/SNA_tutorial_10Xdata.Rmd#L669   guides(fill = guide_legend(override.ae ...
vignettes/SNA_tutorial_10Xdata.Rmd#L670                                          ...
vignettes/SNA_tutorial_10Xdata.Rmd#L671                              title = "cl ...
vignettes/SNA_tutorial_10Xdata.Rmd#L672                              ncol = 1)) ...
vignettes/SNA_tutorial_simulation.Rmd#L14    ...
vignettes/SNA_tutorial_simulation.Rmd#L42                   n_types = n_types,   ...
vignettes/SNA_tutorial_simulation.Rmd#L43                   max_loc = max_loc, ...
vignettes/SNA_tutorial_simulation.Rmd#L44                   n_cells = n_cells,   ...
vignettes/SNA_tutorial_simulation.Rmd#L45                   test_type = test_type, ...
vignettes/SNA_tutorial_simulation.Rmd#L46                   distance_param = dista ...
vignettes/SNA_tutorial_simulation.Rmd#L47                   seed=seed) ...
vignettes/SNA_tutorial_simulation.Rmd#L62   geom_point(alpha = 0.7) + ...
vignettes/SNA_tutorial_simulation.Rmd#L63   scale_color_manual(values = cluster_co ...
vignettes/SNA_tutorial_simulation.Rmd#L64   theme_void() + ...
vignettes/SNA_tutorial_simulation.Rmd#L65   ggtitle("Simulated Cell Interaction Da ...
vignettes/SNA_tutorial_simulation.Rmd#L68   geom_point(data = df %>% dplyr::mutate ...
vignettes/SNA_tutorial_simulation.Rmd#L69              alpha = 0.7, size = 2, shap ...
vignettes/SNA_tutorial_simulation.Rmd#L70   geom_point(data = df %>% dplyr::mutate ...
vignettes/SNA_tutorial_simulation.Rmd#L71              alpha = 0.8, size = 2, shap ...
vignettes/SNA_tutorial_simulation.Rmd#L72   labs(title = "Simulated Cell Interacti ...
vignettes/SNA_tutorial_simulation.Rmd#L73        subtitle = paste("n_types:", n_ty ...
vignettes/SNA_tutorial_simulation.Rmd#L74   scale_color_manual(values = c("cell_ty ...
vignettes/SNA_tutorial_simulation.Rmd#L77   scale_fill_manual(values = c("cell_typ ...
vignettes/SNA_tutorial_simulation.Rmd#L78                                "cell_typ ...
vignettes/SNA_tutorial_simulation.Rmd#L79                                "others"  ...
vignettes/SNA_tutorial_simulation.Rmd#L80   theme_void() ...
vignettes/SNA_tutorial_simulation.Rmd#L91   df, ...
vignettes/SNA_tutorial_simulation.Rmd#L92   cluster_key = "cell_type",  ...
vignettes/SNA_tutorial_simulation.Rmd#L93   neighbors.k = neighbors.k_,  ...
vignettes/SNA_tutorial_simulation.Rmd#L94   connectivity_key = "nn",  ...
vignettes/SNA_tutorial_simulation.Rmd#L95   transformation = TRUE, ...
vignettes/SNA_tutorial_simulation.Rmd#L96   n_perms = n_perm, seed = seed, n_jobs  ...
vignettes/SNA_tutorial_simulation.Rmd#L113    ...
vignettes/SNA_tutorial_simulation.Rmd#L114   Appropriate selection ...
vignettes/SNA_tutorial_simulation.Rmd#L117   • Is there a high concentration of cel ...
vignettes/SNA_tutorial_simulation.Rmd#L129                   dimnames = dimnames(nh ...
vignettes/SNA_tutorial_simulation.Rmd#L135   nhood_enrichment_res[nm, nm] <- NA ...
vignettes/SNA_tutorial_simulation.Rmd#L136   sig_mat[nm, nm] <- "" ...
vignettes/SNA_tutorial_simulation.Rmd#L140                    name = "Z-score", ...
vignettes/SNA_tutorial_simulation.Rmd#L141                    col = colorRamp2(c(-2 ...
vignettes/SNA_tutorial_simulation.Rmd#L142                    show_row_names = TRUE ...
vignettes/SNA_tutorial_simulation.Rmd#L143                    show_column_names = T ...
vignettes/SNA_tutorial_simulation.Rmd#L144                    cluster_rows = TRUE,  ...
vignettes/SNA_tutorial_simulation.Rmd#L145                    cluster_columns = TRU ...
vignettes/SNA_tutorial_simulation.Rmd#L146                    #show_column_dend = F ...
vignettes/SNA_tutorial_simulation.Rmd#L147                    #show_row_dend = FALS ...
vignettes/SNA_tutorial_simulation.Rmd#L148                    row_title = "",   ...
vignettes/SNA_tutorial_simulation.Rmd#L149                    column_title = "Spati ...
vignettes/SNA_tutorial_simulation.Rmd#L150                    rect_gp = gpar(col =  ...
vignettes/SNA_tutorial_simulation.Rmd#L151                    na_col = "black",     ...
vignettes/SNA_tutorial_simulation.Rmd#L152                     ...
vignettes/SNA_tutorial_simulation.Rmd#L153                    cell_fun = function(j ...
vignettes/SNA_tutorial_simulation.Rmd#L154                      if(sig_mat[i, j] == ...
vignettes/SNA_tutorial_simulation.Rmd#L155                        grid.text("**",  ...
vignettes/SNA_tutorial_simulation.Rmd#L156                                  x = x, ...
vignettes/SNA_tutorial_simulation.Rmd#L157                                  y = y - ...
vignettes/SNA_tutorial_simulation.Rmd#L158                                  gp = gp ...
vignettes/SNA_tutorial_simulation.Rmd#L159                      } ...
vignettes/SNA_tutorial_simulation.Rmd#L160                      if(sig_mat[i, j] == ...
vignettes/SNA_tutorial_simulation.Rmd#L161                        grid.text("*",  ...
vignettes/SNA_tutorial_simulation.Rmd#L162                                  x = x, ...
vignettes/SNA_tutorial_simulation.Rmd#L163                                  y = y - ...
vignettes/SNA_tutorial_simulation.Rmd#L164                                  gp = gp ...
vignettes/SNA_tutorial_simulation.Rmd#L165                      } ...
vignettes/SNA_tutorial_simulation.Rmd#L166                    } ...
vignettes/SNA_tutorial_simulation.Rmd#L170      merge_legend = TRUE, ...
vignettes/SNA_tutorial_simulation.Rmd#L171      heatmap_legend_side = "bottom",  ...
vignettes/SNA_tutorial_simulation.Rmd#L172      annotation_legend_side = "bottom") ...
vignettes/SNA_tutorial_simulation.Rmd#L193   distance_param = c(5,10,20,30,40,50,75 ...
vignettes/SNA_tutorial_simulation.Rmd#L194   .combine = rbind,  ...
vignettes/SNA_tutorial_simulation.Rmd#L195   .packages = c("ggplot2", "dplyr", "Seu ...
vignettes/SNA_tutorial_simulation.Rmd#L197   foreach( ...
vignettes/SNA_tutorial_simulation.Rmd#L200   ) %:% ...
vignettes/SNA_tutorial_simulation.Rmd#L201   foreach( ...
vignettes/SNA_tutorial_simulation.Rmd#L204   ) %dopar% { ...
vignettes/SNA_tutorial_simulation.Rmd#L210                       n_types = n_types, ...
vignettes/SNA_tutorial_simulation.Rmd#L211                       max_loc = max_loc, ...
vignettes/SNA_tutorial_simulation.Rmd#L212                       n_cells = n_cells, ...
vignettes/SNA_tutorial_simulation.Rmd#L213                       test_type = test_t ...
vignettes/SNA_tutorial_simulation.Rmd#L214                       distance_param = d ...
vignettes/SNA_tutorial_simulation.Rmd#L215                       seed=1234) ...
vignettes/SNA_tutorial_simulation.Rmd#L218       df, ...
vignettes/SNA_tutorial_simulation.Rmd#L219       cluster_key = "cell_type",  ...
vignettes/SNA_tutorial_simulation.Rmd#L220       neighbors.k = neighbors.k_,  ...
vignettes/SNA_tutorial_simulation.Rmd#L221       connectivity_key = "nn",  ...
vignettes/SNA_tutorial_simulation.Rmd#L222       transformation = TRUE, ...
vignettes/SNA_tutorial_simulation.Rmd#L223       n_perms = n_perm, seed = seed_, n_ ...
vignettes/SNA_tutorial_simulation.Rmd#L238       test_type = test_type, ...
vignettes/SNA_tutorial_simulation.Rmd#L239       seed = seed_, ...
vignettes/SNA_tutorial_simulation.Rmd#L240       distance_param = distance_param, ...
vignettes/SNA_tutorial_simulation.Rmd#L241       zscore = nhood_enrichment_res["cel ...
vignettes/SNA_tutorial_simulation.Rmd#L242       zscore_false = nhood_enrichment_re ...
vignettes/SNA_tutorial_simulation.Rmd#L246   } ...
vignettes/SNA_tutorial_simulation.Rmd#L269   dplyr::mutate(zscore_false = abs(zscor ...
vignettes/SNA_tutorial_simulation.Rmd#L270   tidyr::pivot_longer(cols = c(zscore, z ...
vignettes/SNA_tutorial_simulation.Rmd#L271   dplyr::group_by(zscore_type, test_type ...
vignettes/SNA_tutorial_simulation.Rmd#L272   dplyr::summarise( ...
vignettes/SNA_tutorial_simulation.Rmd#L276   ) %>% ...
vignettes/SNA_tutorial_simulation.Rmd#L277   dplyr::ungroup() ...
vignettes/SNA_tutorial_simulation.Rmd#L280   geom_line(size = 1) +  ...
vignettes/SNA_tutorial_simulation.Rmd#L281   geom_errorbar(aes(ymin = lower_ci, yma ...
vignettes/SNA_tutorial_simulation.Rmd#L282   geom_point(size = 2) +  ...
vignettes/SNA_tutorial_simulation.Rmd#L283   facet_wrap(test_type ~ .) +  ...
vignettes/SNA_tutorial_simulation.Rmd#L284   labs( ...
vignettes/SNA_tutorial_simulation.Rmd#L289   ) + ...
vignettes/SNA_tutorial_simulation.Rmd#L290   scale_x_log10(breaks = c(unique(summar ...
vignettes/SNA_tutorial_simulation.Rmd#L291   scale_color_manual(values = c("zscore" ...
vignettes/SNA_tutorial_simulation.Rmd#L292   geom_hline(yintercept = 0, linetype =  ...
vignettes/SNA_tutorial_simulation.Rmd#L293   #geom_hline(yintercept = 1.96, linetyp ...
vignettes/SNA_tutorial_simulation.Rmd#L294   geom_hline(yintercept = abs(qnorm((0.0 ...
vignettes/SNA_tutorial_simulation.Rmd#L295   theme_classic() + ...
vignettes/SNA_tutorial_simulation.Rmd#L296   theme( ...
vignettes/SNA_tutorial_simulation.Rmd#L300   ) ...
vignettes/SNA_tutorial_simulation.Rmd#L319                   n_types = n_types,   ...
vignettes/SNA_tutorial_simulation.Rmd#L320                   max_loc = max_loc, ...
vignettes/SNA_tutorial_simulation.Rmd#L321                   n_cells = n_cells,   ...
vignettes/SNA_tutorial_simulation.Rmd#L322                   test_type = test_type, ...
vignettes/SNA_tutorial_simulation.Rmd#L323                   distance_param = dista ...
vignettes/SNA_tutorial_simulation.Rmd#L324                   seed=seed) ...
vignettes/SNA_tutorial_simulation.Rmd#L341   geom_point(alpha = 0.7) + ...
vignettes/SNA_tutorial_simulation.Rmd#L342   scale_color_manual(values = cluster_co ...
vignettes/SNA_tutorial_simulation.Rmd#L343   theme_void() + ...
vignettes/SNA_tutorial_simulation.Rmd#L344   ggtitle("Simulated Cell Interaction Da ...
vignettes/SNA_tutorial_simulation.Rmd#L347   geom_point(data = df %>% dplyr::mutate ...
vignettes/SNA_tutorial_simulation.Rmd#L348              alpha = 0.7, size = 2, shap ...
vignettes/SNA_tutorial_simulation.Rmd#L349   geom_point(data = df %>% dplyr::mutate ...
vignettes/SNA_tutorial_simulation.Rmd#L350              alpha = 0.8, size = 2, shap ...
vignettes/SNA_tutorial_simulation.Rmd#L351   labs(title = "Simulated Cell Interacti ...
vignettes/SNA_tutorial_simulation.Rmd#L352        subtitle = paste("n_types:", n_ty ...
vignettes/SNA_tutorial_simulation.Rmd#L353   scale_color_manual(values = c("cell_ty ...
vignettes/SNA_tutorial_simulation.Rmd#L356   scale_fill_manual(values = c("cell_typ ...
vignettes/SNA_tutorial_simulation.Rmd#L357                                "cell_typ ...
vignettes/SNA_tutorial_simulation.Rmd#L358                                "others"  ...
vignettes/SNA_tutorial_simulation.Rmd#L359   theme_void() ...
vignettes/SNA_tutorial_simulation.Rmd#L374   df, ...
vignettes/SNA_tutorial_simulation.Rmd#L375   cluster_x        = cluster_x, ...
vignettes/SNA_tutorial_simulation.Rmd#L376   cluster_y        = cluster_y, ...
vignettes/SNA_tutorial_simulation.Rmd#L377   connectivity_key = "nn", ...
vignettes/SNA_tutorial_simulation.Rmd#L378   neighbors.k      = neighbors.k_,  ...
vignettes/SNA_tutorial_simulation.Rmd#L379   radius           = radius_, ...
vignettes/SNA_tutorial_simulation.Rmd#L380   maxnsteps        = 15 ...
vignettes/SNA_tutorial_simulation.Rmd#L389   geom_point(df %>% ...
vignettes/SNA_tutorial_simulation.Rmd#L390                dplyr::mutate(score = coo ...
vignettes/SNA_tutorial_simulation.Rmd#L391                              #score = if ...
vignettes/SNA_tutorial_simulation.Rmd#L392                ) %>% ...
vignettes/SNA_tutorial_simulation.Rmd#L393                dplyr::filter(!(cell_type ...
vignettes/SNA_tutorial_simulation.Rmd#L394              mapping = aes(x = x, y = y, ...
vignettes/SNA_tutorial_simulation.Rmd#L395              alpha = 0.7, size = 2, shap ...
vignettes/SNA_tutorial_simulation.Rmd#L396   geom_point(df %>% ...
vignettes/SNA_tutorial_simulation.Rmd#L397                dplyr::mutate(score = coo ...
vignettes/SNA_tutorial_simulation.Rmd#L398                              #score = if ...
vignettes/SNA_tutorial_simulation.Rmd#L399                ) %>% ...
vignettes/SNA_tutorial_simulation.Rmd#L400                dplyr::filter(cell_type % ...
vignettes/SNA_tutorial_simulation.Rmd#L401              mapping = aes(x = x, y = y, ...
vignettes/SNA_tutorial_simulation.Rmd#L402              alpha = 0.7, size = 2, shap ...
vignettes/SNA_tutorial_simulation.Rmd#L403   theme_void() + ...
vignettes/SNA_tutorial_simulation.Rmd#L404   scale_fill_gradient(low = "grey90", hi ...
vignettes/SNA_tutorial_simulation.Rmd#L405   ggtitle("Simulated Cell Interaction Da ...
vignettes/SNA_tutorial_simulation.Rmd#L426                                dplyr::mu ...
vignettes/SNA_tutorial_simulation.Rmd#L427                              rbind(one_c ...
vignettes/SNA_tutorial_simulation.Rmd#L432   geom_point_rast() + ...
vignettes/SNA_tutorial_simulation.Rmd#L433   geom_smooth( ...
vignettes/SNA_tutorial_simulation.Rmd#L435   ) + ...
vignettes/SNA_tutorial_simulation.Rmd#L436   theme_classic(base_size = 14) + ...
vignettes/SNA_tutorial_simulation.Rmd#L437   labs( ...
vignettes/SNA_tutorial_simulation.Rmd#L442       "Spearman's r = ", round(coef, 2), ...
vignettes/SNA_tutorial_simulation.Rmd#L443       ", adj-p = ", signif(pval, 3) ...
vignettes/SNA_tutorial_simulation.Rmd#L445   ) ...
vignettes/SNA_tutorial_simulation.Rmd#L463   ggtitle(paste("ROC Curve (AUC =", roun ...
vignettes/SNA_tutorial_simulation.Rmd#L464   geom_abline(intercept = 1, linetype =  ...
vignettes/SNA_tutorial_simulation.Rmd#L465   theme_minimal() ...
vignettes/SNA_tutorial_simulation.Rmd#L474   ggplot(aes(x = cell_type, y = score, f ...
vignettes/SNA_tutorial_simulation.Rmd#L475   geom_violin(width = 1, alpha = 0.7) + ...
vignettes/SNA_tutorial_simulation.Rmd#L476   geom_boxplot(width = 0.1, alpha = 0.7) ...
vignettes/SNA_tutorial_simulation.Rmd#L477   #geom_jitter(width = 0.1, alpha = 0.7) ...
vignettes/SNA_tutorial_simulation.Rmd#L478   theme_minimal() + ...
vignettes/SNA_tutorial_simulation.Rmd#L479   labs( ...
vignettes/SNA_tutorial_simulation.Rmd#L483   ) ...
* Checking if package already exists in CRAN... OK
* Checking for bioc-devel mailing list subscription...
* NOTE: Cannot determine whether maintainer is subscribed to the Bioc-Devel mailing list (requires admin credentials). Subscribe here: https://stat.ethz.ch/mailman/listinfo/bioc-devel
* Checking for support site registration...
* ERROR: Add package to Watched Tags in your Support Site profile; visit https://support.bioconductor.org/accounts/edit/profile
* Checking package type based on biocViews... OK
* Checking for non-trivial biocViews... OK
* Checking that biocViews come from the same category... OK
* Checking biocViews validity... OK
* Checking for recommended biocViews... OK
